#
# There is insufficient memory for the Java Runtime Environment to continue.
# Native memory allocation (mmap) failed to map 1048576 bytes. Error detail: G1 virtual space
# Possible reasons:
#   The system is out of physical RAM or swap space
#   This process is running with CompressedOops enabled, and the Java Heap may be blocking the growth of the native heap
# Possible solutions:
#   Reduce memory load on the system
#   Increase physical memory or swap space
#   Check if swap backing store is full
#   Decrease Java heap size (-Xmx/-Xms)
#   Decrease number of Java threads
#   Decrease Java thread stack sizes (-Xss)
#   Set larger code cache with -XX:ReservedCodeCacheSize=
#   JVM is running with Unscaled Compressed Oops mode in which the Java heap is
#     placed in the first 4GB address space. The Java Heap base address is the
#     maximum limit for the native heap growth. Please use -XX:HeapBaseMinAddress
#     to set the Java Heap base and to place the Java Heap above 4GB virtual address.
# This output file may be truncated or incomplete.
#
#  Out of Memory Error (os_windows.cpp:3925), pid=18068, tid=59408
#
# JRE version: OpenJDK Runtime Environment (21.0.8) (build 21.0.8+-14196175-b1038.72)
# Java VM: OpenJDK 64-Bit Server VM (21.0.8+-14196175-b1038.72, mixed mode, tiered, compressed oops, compressed class ptrs, g1 gc, windows-amd64)
# No core dump will be written. Minidumps are not enabled by default on client versions of Windows
#

---------------  S U M M A R Y ------------

Command Line: --add-opens=java.base/java.util=ALL-UNNAMED --add-opens=java.base/java.lang=ALL-UNNAMED --add-opens=java.base/java.lang.invoke=ALL-UNNAMED --add-opens=java.prefs/java.util.prefs=ALL-UNNAMED --add-opens=java.base/java.nio.charset=ALL-UNNAMED --add-opens=java.base/java.net=ALL-UNNAMED --add-opens=java.base/java.util.concurrent.atomic=ALL-UNNAMED -Xmx2048m -Dfile.encoding=UTF-8 -Duser.country=US -Duser.language=en -Duser.variant -javaagent:C:\Users\oouch\.gradle\wrapper\dists\gradle-8.5-bin\5t9huq95ubn472n8rpzujfbqh\gradle-8.5\lib\agents\gradle-instrumentation-agent-8.5.jar org.gradle.launcher.daemon.bootstrap.GradleDaemon 8.5

Host: Intel(R) Core(TM) i7-10510U CPU @ 1.80GHz, 8 cores, 15G,  Windows 11 , 64 bit Build 26100 (10.0.26100.7705)
Time: Thu Feb 19 06:45:11 2026 Eastern Standard Time elapsed time: 106.995354 seconds (0d 0h 1m 46s)

---------------  T H R E A D  ---------------

Current thread (0x000001e87d0f2d20):  WorkerThread "GC Thread#2"    [id=59408, stack(0x0000009490700000,0x0000009490800000) (1024K)]

Stack: [0x0000009490700000,0x0000009490800000]
Native frames: (J=compiled Java code, j=interpreted, Vv=VM code, C=native code)
V  [jvm.dll+0x6d68d9]
V  [jvm.dll+0x866693]
V  [jvm.dll+0x868c4e]
V  [jvm.dll+0x869333]
V  [jvm.dll+0x280566]
V  [jvm.dll+0x6d3195]
V  [jvm.dll+0x6c69ea]
V  [jvm.dll+0x3586db]
V  [jvm.dll+0x360336]
V  [jvm.dll+0x3b20fb]
V  [jvm.dll+0x3b27b4]
V  [jvm.dll+0x3b287d]
V  [jvm.dll+0x32c5bc]
V  [jvm.dll+0x32c318]
V  [jvm.dll+0x31aed6]
V  [jvm.dll+0x31bd6a]
V  [jvm.dll+0x31c212]
V  [jvm.dll+0x31bc63]
V  [jvm.dll+0x35a56a]
V  [jvm.dll+0x35a8e6]
V  [jvm.dll+0x35ba2a]
V  [jvm.dll+0x36fc74]
V  [jvm.dll+0x37039a]
V  [jvm.dll+0x370497]
V  [jvm.dll+0x37139b]
V  [jvm.dll+0x894454]
V  [jvm.dll+0x80eac8]
V  [jvm.dll+0x6d512d]
C  [ucrtbase.dll+0x37b0]
C  [KERNEL32.DLL+0x2e8d7]
C  [ntdll.dll+0x8c40c]


---------------  P R O C E S S  ---------------

Threads class SMR info:
_java_thread_list=0x000001e8101f1b20, length=49, elements={
0x000001e86d573640, 0x000001e877f24900, 0x000001e877f38540, 0x000001e877f38fa0,
0x000001e877f3a570, 0x000001e877f47ba0, 0x000001e877f48600, 0x000001e877f49060,
0x000001e877f4ae00, 0x000001e877f4d310, 0x000001e87830d270, 0x000001e87d2afc10,
0x000001e87d2aeef0, 0x000001e87d2ae860, 0x000001e87e2218d0, 0x000001e87e224d50,
0x000001e87e224030, 0x000001e87e2225f0, 0x000001e87e2253e0, 0x000001e87e2246c0,
0x000001e87e225a70, 0x000001e87e226100, 0x000001e87e226790, 0x000001e87e223310,
0x000001e87e226e20, 0x000001e87e2274b0, 0x000001e87e227b40, 0x000001e87e2281d0,
0x000001e87e228860, 0x000001e80f5734a0, 0x000001e80f575c00, 0x000001e80f576290,
0x000001e80f575570, 0x000001e80f5741c0, 0x000001e80f573b30, 0x000001e80f579da0,
0x000001e80f578360, 0x000001e80f579080, 0x000001e80f57a430, 0x000001e80f579710,
0x000001e87e221f60, 0x000001e87e62ac20, 0x000001e87e62b2b0, 0x000001e87e629f00,
0x000001e87e62a590, 0x000001e87e627e30, 0x000001e87e62b940, 0x000001e87e6284c0,
0x000001e87e62bfd0
}

Java Threads: ( => current thread )
  0x000001e86d573640 JavaThread "main"                              [_thread_blocked, id=67740, stack(0x000000948f400000,0x000000948f500000) (1024K)]
  0x000001e877f24900 JavaThread "Common-Cleaner"             daemon [_thread_blocked, id=64452, stack(0x000000948fc00000,0x000000948fd00000) (1024K)]
  0x000001e877f38540 JavaThread "Reference Handler"          daemon [_thread_blocked, id=66688, stack(0x000000948fd00000,0x000000948fe00000) (1024K)]
  0x000001e877f38fa0 JavaThread "Finalizer"                  daemon [_thread_blocked, id=37940, stack(0x000000948fe00000,0x000000948ff00000) (1024K)]
  0x000001e877f3a570 JavaThread "Signal Dispatcher"          daemon [_thread_blocked, id=67400, stack(0x000000948ff00000,0x0000009490000000) (1024K)]
  0x000001e877f47ba0 JavaThread "Attach Listener"            daemon [_thread_blocked, id=64200, stack(0x0000009490000000,0x0000009490100000) (1024K)]
  0x000001e877f48600 JavaThread "Service Thread"             daemon [_thread_blocked, id=42400, stack(0x0000009490100000,0x0000009490200000) (1024K)]
  0x000001e877f49060 JavaThread "Monitor Deflation Thread"   daemon [_thread_blocked, id=68280, stack(0x0000009490200000,0x0000009490300000) (1024K)]
  0x000001e877f4ae00 JavaThread "C2 CompilerThread0"         daemon [_thread_blocked, id=67124, stack(0x0000009490300000,0x0000009490400000) (1024K)]
  0x000001e877f4d310 JavaThread "C1 CompilerThread0"         daemon [_thread_blocked, id=28244, stack(0x0000009490400000,0x0000009490500000) (1024K)]
  0x000001e87830d270 JavaThread "Notification Thread"        daemon [_thread_blocked, id=64128, stack(0x0000009490500000,0x0000009490600000) (1024K)]
  0x000001e87d2afc10 JavaThread "Daemon health stats"               [_thread_blocked, id=64760, stack(0x0000009490b00000,0x0000009490c00000) (1024K)]
  0x000001e87d2aeef0 JavaThread "Incoming local TCP Connector on port 55257"        [_thread_in_native, id=53220, stack(0x0000009490d00000,0x0000009490e00000) (1024K)]
  0x000001e87d2ae860 JavaThread "Daemon periodic checks"            [_thread_blocked, id=68900, stack(0x0000009490c00000,0x0000009490d00000) (1024K)]
  0x000001e87e2218d0 JavaThread "Daemon"                            [_thread_blocked, id=66472, stack(0x0000009490e00000,0x0000009490f00000) (1024K)]
  0x000001e87e224d50 JavaThread "Handler for socket connection from /127.0.0.1:55257 to /127.0.0.1:55258"        [_thread_in_native, id=64824, stack(0x0000009490f00000,0x0000009491000000) (1024K)]
  0x000001e87e224030 JavaThread "Cancel handler"                    [_thread_blocked, id=69644, stack(0x0000009491000000,0x0000009491100000) (1024K)]
  0x000001e87e2225f0 JavaThread "Daemon worker"                     [_thread_blocked, id=54396, stack(0x0000009491100000,0x0000009491200000) (1024K)]
  0x000001e87e2253e0 JavaThread "Asynchronous log dispatcher for DefaultDaemonConnection: socket connection from /127.0.0.1:55257 to /127.0.0.1:55258"        [_thread_blocked, id=61184, stack(0x0000009491200000,0x0000009491300000) (1024K)]
  0x000001e87e2246c0 JavaThread "Daemon client event forwarder"        [_thread_blocked, id=66028, stack(0x0000009491400000,0x0000009491500000) (1024K)]
  0x000001e87e225a70 JavaThread "Cache worker for journal cache (C:\Users\oouch\.gradle\caches\journal-1)"        [_thread_blocked, id=67060, stack(0x0000009491800000,0x0000009491900000) (1024K)]
  0x000001e87e226100 JavaThread "File lock request listener"        [_thread_in_native, id=67600, stack(0x0000009491900000,0x0000009491a00000) (1024K)]
  0x000001e87e226790 JavaThread "Cache worker for file hash cache (C:\Users\oouch\.gradle\caches\8.5\fileHashes)"        [_thread_blocked, id=64416, stack(0x0000009491a00000,0x0000009491b00000) (1024K)]
  0x000001e87e223310 JavaThread "File watcher server"        daemon [_thread_blocked, id=40972, stack(0x0000009491c00000,0x0000009491d00000) (1024K)]
  0x000001e87e226e20 JavaThread "File watcher consumer"      daemon [_thread_blocked, id=21252, stack(0x0000009491d00000,0x0000009491e00000) (1024K)]
  0x000001e87e2274b0 JavaThread "Cache worker for checksums cache (C:\Users\oouch\App Projects\ooustream-iptv-android\.gradle\8.5\checksums)"        [_thread_blocked, id=59192, stack(0x0000009491b00000,0x0000009491c00000) (1024K)]
  0x000001e87e227b40 JavaThread "Cache worker for file hash cache (C:\Users\oouch\App Projects\ooustream-iptv-android\.gradle\8.5\fileHashes)"        [_thread_blocked, id=65700, stack(0x0000009491e00000,0x0000009491f00000) (1024K)]
  0x000001e87e2281d0 JavaThread "Cache worker for cache directory md-supplier (C:\Users\oouch\.gradle\caches\8.5\md-supplier)"        [_thread_blocked, id=59360, stack(0x0000009491f00000,0x0000009492000000) (1024K)]
  0x000001e87e228860 JavaThread "Cache worker for cache directory md-rule (C:\Users\oouch\.gradle\caches\8.5\md-rule)"        [_thread_blocked, id=70124, stack(0x000000948f200000,0x000000948f300000) (1024K)]
  0x000001e80f5734a0 JavaThread "Cache worker for file content cache (C:\Users\oouch\.gradle\caches\8.5\fileContent)"        [_thread_blocked, id=66964, stack(0x0000009492000000,0x0000009492100000) (1024K)]
  0x000001e80f575c00 JavaThread "Cache worker for execution history cache (C:\Users\oouch\.gradle\caches\8.5\executionHistory)"        [_thread_blocked, id=70340, stack(0x0000009492100000,0x0000009492200000) (1024K)]
  0x000001e80f576290 JavaThread "Cache worker for kotlin-dsl (C:\Users\oouch\.gradle\caches\8.5\kotlin-dsl)"        [_thread_blocked, id=65136, stack(0x0000009492400000,0x0000009492500000) (1024K)]
  0x000001e80f575570 JavaThread "jar transforms"                    [_thread_blocked, id=59980, stack(0x0000009492200000,0x0000009492300000) (1024K)]
  0x000001e80f5741c0 JavaThread "jar transforms Thread 2"           [_thread_blocked, id=70248, stack(0x0000009492300000,0x0000009492400000) (1024K)]
  0x000001e80f573b30 JavaThread "jar transforms Thread 3"           [_thread_blocked, id=49752, stack(0x0000009492600000,0x0000009492700000) (1024K)]
  0x000001e80f579da0 JavaThread "jar transforms Thread 4"           [_thread_blocked, id=69264, stack(0x0000009492700000,0x0000009492800000) (1024K)]
  0x000001e80f578360 JavaThread "Cache worker for dependencies-accessors (C:\Users\oouch\App Projects\ooustream-iptv-android\.gradle\8.5\dependencies-accessors)"        [_thread_blocked, id=62384, stack(0x0000009492800000,0x0000009492900000) (1024K)]
  0x000001e80f579080 JavaThread "Cache worker for Build Output Cleanup Cache (C:\Users\oouch\App Projects\ooustream-iptv-android\.gradle\buildOutputCleanup)"        [_thread_blocked, id=22464, stack(0x0000009492500000,0x0000009492600000) (1024K)]
  0x000001e80f57a430 JavaThread "jar transforms Thread 5"           [_thread_blocked, id=52624, stack(0x000000948f100000,0x000000948f200000) (1024K)]
  0x000001e80f579710 JavaThread "jar transforms Thread 6"           [_thread_blocked, id=58928, stack(0x000000948f300000,0x000000948f400000) (1024K)]
  0x000001e87e221f60 JavaThread "Unconstrained build operations"        [_thread_blocked, id=34104, stack(0x0000009491300000,0x0000009491400000) (1024K)]
  0x000001e87e62ac20 JavaThread "Unconstrained build operations Thread 2"        [_thread_blocked, id=68668, stack(0x0000009492900000,0x0000009492a00000) (1024K)]
  0x000001e87e62b2b0 JavaThread "Unconstrained build operations Thread 3"        [_thread_blocked, id=64124, stack(0x0000009492a00000,0x0000009492b00000) (1024K)]
  0x000001e87e629f00 JavaThread "Unconstrained build operations Thread 4"        [_thread_blocked, id=62436, stack(0x0000009492b00000,0x0000009492c00000) (1024K)]
  0x000001e87e62a590 JavaThread "Unconstrained build operations Thread 5"        [_thread_blocked, id=70052, stack(0x0000009492c00000,0x0000009492d00000) (1024K)]
  0x000001e87e627e30 JavaThread "Unconstrained build operations Thread 6"        [_thread_blocked, id=68092, stack(0x0000009492d00000,0x0000009492e00000) (1024K)]
  0x000001e87e62b940 JavaThread "Unconstrained build operations Thread 7"        [_thread_blocked, id=63960, stack(0x0000009492e00000,0x0000009492f00000) (1024K)]
  0x000001e87e6284c0 JavaThread "jar transforms Thread 7"           [_thread_blocked, id=58972, stack(0x0000009492f00000,0x0000009493000000) (1024K)]
  0x000001e87e62bfd0 JavaThread "jar transforms Thread 8"           [_thread_blocked, id=13100, stack(0x0000009493000000,0x0000009493100000) (1024K)]
Total: 49

Other Threads:
  0x000001e877ed8fe0 VMThread "VM Thread"                           [id=67384, stack(0x000000948fb00000,0x000000948fc00000) (1024K)]
  0x000001e877d1e670 WatcherThread "VM Periodic Task Thread"        [id=68968, stack(0x000000948fa00000,0x000000948fb00000) (1024K)]
  0x000001e86d5ca570 WorkerThread "GC Thread#0"                     [id=68568, stack(0x000000948f500000,0x000000948f600000) (1024K)]
  0x000001e87d2b6170 WorkerThread "GC Thread#1"                     [id=63360, stack(0x0000009490600000,0x0000009490700000) (1024K)]
=>0x000001e87d0f2d20 WorkerThread "GC Thread#2"                     [id=59408, stack(0x0000009490700000,0x0000009490800000) (1024K)]
  0x000001e87d0f30c0 WorkerThread "GC Thread#3"                     [id=64828, stack(0x0000009490800000,0x0000009490900000) (1024K)]
  0x000001e87d0f3460 WorkerThread "GC Thread#4"                     [id=65384, stack(0x0000009490900000,0x0000009490a00000) (1024K)]
  0x000001e87d0f3800 WorkerThread "GC Thread#5"                     [id=70336, stack(0x0000009490a00000,0x0000009490b00000) (1024K)]
  0x000001e87d4a5190 WorkerThread "GC Thread#6"                     [id=70292, stack(0x0000009491500000,0x0000009491600000) (1024K)]
  0x000001e87d47cac0 WorkerThread "GC Thread#7"                     [id=26900, stack(0x0000009491600000,0x0000009491700000) (1024K)]
  0x000001e86d5dbc70 ConcurrentGCThread "G1 Main Marker"            [id=61784, stack(0x000000948f600000,0x000000948f700000) (1024K)]
  0x000001e86d5dc680 WorkerThread "G1 Conc#0"                       [id=61072, stack(0x000000948f700000,0x000000948f800000) (1024K)]
  0x000001e87e307b70 WorkerThread "G1 Conc#1"                       [id=30872, stack(0x0000009491700000,0x0000009491800000) (1024K)]
  0x000001e877bef280 ConcurrentGCThread "G1 Refine#0"               [id=67652, stack(0x000000948f800000,0x000000948f900000) (1024K)]
  0x000001e877befd00 ConcurrentGCThread "G1 Service"                [id=68020, stack(0x000000948f900000,0x000000948fa00000) (1024K)]
Total: 15

Threads with active compile tasks:
Total: 0

VM state: at safepoint (normal execution)

VM Mutex/Monitor currently owned by a thread:  ([mutex/lock_event])
[0x00007ff994ab5f38] FreeList_lock - owner thread: 0x000001e87d0f2d20
[0x00007ff994ab85b8] Threads_lock - owner thread: 0x000001e877ed8fe0
[0x00007ff994ab86b8] Heap_lock - owner thread: 0x000001e87e2225f0

Heap address: 0x0000000080000000, size: 2048 MB, Compressed Oops mode: 32-bit

CDS archive(s) not mapped
Compressed class space mapped at: 0x0000000100000000-0x0000000140000000, reserved size: 1073741824
Narrow klass base: 0x0000000000000000, Narrow klass shift: 3, Narrow klass range: 0x140000000

GC Precious Log:
 CardTable entry size: 512
 Card Set container configuration: InlinePtr #cards 5 size 8 Array Of Cards #cards 12 size 40 Howl #buckets 4 coarsen threshold 1843 Howl Bitmap #cards 512 size 80 coarsen threshold 460 Card regions per heap region 1 cards per card region 2048
 CPUs: 8 total, 8 available
 Memory: 16105M
 Large Page Support: Disabled
 NUMA Support: Disabled
 Compressed Oops: Enabled (32-bit)
 Heap Region Size: 1M
 Heap Min Capacity: 8M
 Heap Initial Capacity: 252M
 Heap Max Capacity: 2G
 Pre-touch: Disabled
 Parallel Workers: 8
 Concurrent Workers: 2
 Concurrent Refinement Workers: 8
 Periodic GC: Disabled

Heap:
 garbage-first heap   total 81920K, used 74677K [0x0000000080000000, 0x0000000100000000)
  region size 1024K, 20 young (20480K), 3 survivors (3072K)
 Metaspace       used 60961K, committed 62528K, reserved 1114112K
  class space    used 8588K, committed 9344K, reserved 1048576K

Heap Regions: E=young(eden), S=young(survivor), O=old, HS=humongous(starts), HC=humongous(continues), CS=collection set, F=free, TAMS=top-at-mark-start, PB=parsable bottom
|   0|0x0000000080000000, 0x0000000080100000, 0x0000000080100000|100%|HS|  |TAMS 0x0000000080000000| PB 0x0000000080000000| Complete 
|   1|0x0000000080100000, 0x0000000080200000, 0x0000000080200000|100%|HC|  |TAMS 0x0000000080100000| PB 0x0000000080100000| Complete 
|   2|0x0000000080200000, 0x0000000080300000, 0x0000000080300000|100%|HC|  |TAMS 0x0000000080200000| PB 0x0000000080200000| Complete 
|   3|0x0000000080300000, 0x0000000080400000, 0x0000000080400000|100%|HC|  |TAMS 0x0000000080300000| PB 0x0000000080300000| Complete 
|   4|0x0000000080400000, 0x0000000080500000, 0x0000000080500000|100%| O|  |TAMS 0x0000000080400000| PB 0x0000000080400000| Untracked 
|   5|0x0000000080500000, 0x0000000080600000, 0x0000000080600000|100%| O|  |TAMS 0x0000000080500000| PB 0x0000000080500000| Untracked 
|   6|0x0000000080600000, 0x0000000080700000, 0x0000000080700000|100%| O|  |TAMS 0x0000000080600000| PB 0x0000000080600000| Untracked 
|   7|0x0000000080700000, 0x0000000080800000, 0x0000000080800000|100%| O|  |TAMS 0x0000000080700000| PB 0x0000000080700000| Untracked 
|   8|0x0000000080800000, 0x0000000080900000, 0x0000000080900000|100%| O|  |TAMS 0x0000000080800000| PB 0x0000000080800000| Untracked 
|   9|0x0000000080900000, 0x0000000080a00000, 0x0000000080a00000|100%| O|  |TAMS 0x0000000080900000| PB 0x0000000080900000| Untracked 
|  10|0x0000000080a00000, 0x0000000080b00000, 0x0000000080b00000|100%| O|  |TAMS 0x0000000080a00000| PB 0x0000000080a00000| Untracked 
|  11|0x0000000080b00000, 0x0000000080c00000, 0x0000000080c00000|100%| O|  |TAMS 0x0000000080b00000| PB 0x0000000080b00000| Untracked 
|  12|0x0000000080c00000, 0x0000000080d00000, 0x0000000080d00000|100%| O|  |TAMS 0x0000000080c00000| PB 0x0000000080c00000| Untracked 
|  13|0x0000000080d00000, 0x0000000080e00000, 0x0000000080e00000|100%| O|  |TAMS 0x0000000080d00000| PB 0x0000000080d00000| Untracked 
|  14|0x0000000080e00000, 0x0000000080f00000, 0x0000000080f00000|100%| O|  |TAMS 0x0000000080e00000| PB 0x0000000080e00000| Untracked 
|  15|0x0000000080f00000, 0x0000000081000000, 0x0000000081000000|100%| O|  |TAMS 0x0000000080f00000| PB 0x0000000080f00000| Untracked 
|  16|0x0000000081000000, 0x0000000081100000, 0x0000000081100000|100%| O|  |TAMS 0x0000000081000000| PB 0x0000000081000000| Untracked 
|  17|0x0000000081100000, 0x0000000081200000, 0x0000000081200000|100%| O|  |TAMS 0x0000000081100000| PB 0x0000000081100000| Untracked 
|  18|0x0000000081200000, 0x0000000081300000, 0x0000000081300000|100%| O|  |TAMS 0x0000000081200000| PB 0x0000000081200000| Untracked 
|  19|0x0000000081300000, 0x0000000081400000, 0x0000000081400000|100%| O|  |TAMS 0x0000000081300000| PB 0x0000000081300000| Untracked 
|  20|0x0000000081400000, 0x0000000081500000, 0x0000000081500000|100%| O|  |TAMS 0x0000000081400000| PB 0x0000000081400000| Untracked 
|  21|0x0000000081500000, 0x0000000081600000, 0x0000000081600000|100%| O|  |TAMS 0x0000000081500000| PB 0x0000000081500000| Untracked 
|  22|0x0000000081600000, 0x0000000081700000, 0x0000000081700000|100%| O|  |TAMS 0x0000000081600000| PB 0x0000000081600000| Untracked 
|  23|0x0000000081700000, 0x0000000081800000, 0x0000000081800000|100%| O|  |TAMS 0x0000000081700000| PB 0x0000000081700000| Untracked 
|  24|0x0000000081800000, 0x0000000081900000, 0x0000000081900000|100%| O|  |TAMS 0x0000000081800000| PB 0x0000000081800000| Untracked 
|  25|0x0000000081900000, 0x0000000081a00000, 0x0000000081a00000|100%| O|  |TAMS 0x0000000081900000| PB 0x0000000081900000| Untracked 
|  26|0x0000000081a00000, 0x0000000081b00000, 0x0000000081b00000|100%| O|  |TAMS 0x0000000081a00000| PB 0x0000000081a00000| Untracked 
|  27|0x0000000081b00000, 0x0000000081c00000, 0x0000000081c00000|100%| O|  |TAMS 0x0000000081b00000| PB 0x0000000081b00000| Untracked 
|  28|0x0000000081c00000, 0x0000000081d00000, 0x0000000081d00000|100%| O|  |TAMS 0x0000000081c00000| PB 0x0000000081c00000| Untracked 
|  29|0x0000000081d00000, 0x0000000081e00000, 0x0000000081e00000|100%| O|  |TAMS 0x0000000081d00000| PB 0x0000000081d00000| Untracked 
|  30|0x0000000081e00000, 0x0000000081f00000, 0x0000000081f00000|100%| O|  |TAMS 0x0000000081e00000| PB 0x0000000081e00000| Untracked 
|  31|0x0000000081f00000, 0x0000000082000000, 0x0000000082000000|100%| O|  |TAMS 0x0000000081f00000| PB 0x0000000081f00000| Untracked 
|  32|0x0000000082000000, 0x0000000082100000, 0x0000000082100000|100%| O|  |TAMS 0x0000000082000000| PB 0x0000000082000000| Untracked 
|  33|0x0000000082100000, 0x0000000082200000, 0x0000000082200000|100%| O|  |TAMS 0x0000000082100000| PB 0x0000000082100000| Untracked 
|  34|0x0000000082200000, 0x0000000082300000, 0x0000000082300000|100%| O|  |TAMS 0x0000000082200000| PB 0x0000000082200000| Untracked 
|  35|0x0000000082300000, 0x0000000082400000, 0x0000000082400000|100%| O|  |TAMS 0x0000000082300000| PB 0x0000000082300000| Untracked 
|  36|0x0000000082400000, 0x0000000082500000, 0x0000000082500000|100%| O|  |TAMS 0x0000000082400000| PB 0x0000000082400000| Untracked 
|  37|0x0000000082500000, 0x0000000082600000, 0x0000000082600000|100%| O|  |TAMS 0x0000000082500000| PB 0x0000000082500000| Untracked 
|  38|0x0000000082600000, 0x0000000082700000, 0x0000000082700000|100%| O|  |TAMS 0x0000000082600000| PB 0x0000000082600000| Untracked 
|  39|0x0000000082700000, 0x0000000082800000, 0x0000000082800000|100%| O|Cm|TAMS 0x0000000082700000| PB 0x0000000082700000| Complete 
|  40|0x0000000082800000, 0x0000000082900000, 0x0000000082900000|100%| O|  |TAMS 0x0000000082800000| PB 0x0000000082800000| Untracked 
|  41|0x0000000082900000, 0x0000000082a00000, 0x0000000082a00000|100%| O|  |TAMS 0x0000000082900000| PB 0x0000000082900000| Untracked 
|  42|0x0000000082a00000, 0x0000000082b00000, 0x0000000082b00000|100%|HS|  |TAMS 0x0000000082a00000| PB 0x0000000082a00000| Complete 
|  43|0x0000000082b00000, 0x0000000082c00000, 0x0000000082c00000|100%| O|  |TAMS 0x0000000082b00000| PB 0x0000000082b00000| Untracked 
|  44|0x0000000082c00000, 0x0000000082d00000, 0x0000000082d00000|100%|HS|  |TAMS 0x0000000082c00000| PB 0x0000000082c00000| Complete 
|  45|0x0000000082d00000, 0x0000000082e00000, 0x0000000082e00000|100%|HS|  |TAMS 0x0000000082d00000| PB 0x0000000082d00000| Complete 
|  46|0x0000000082e00000, 0x0000000082f00000, 0x0000000082f00000|100%|HC|  |TAMS 0x0000000082e00000| PB 0x0000000082e00000| Complete 
|  47|0x0000000082f00000, 0x0000000083000000, 0x0000000083000000|100%|HS|  |TAMS 0x0000000082f00000| PB 0x0000000082f00000| Complete 
|  48|0x0000000083000000, 0x0000000083100000, 0x0000000083100000|100%|HC|  |TAMS 0x0000000083000000| PB 0x0000000083000000| Complete 
|  49|0x0000000083100000, 0x0000000083200000, 0x0000000083200000|100%|HS|  |TAMS 0x0000000083100000| PB 0x0000000083100000| Complete 
|  50|0x0000000083200000, 0x0000000083300000, 0x0000000083300000|100%|HS|  |TAMS 0x0000000083200000| PB 0x0000000083200000| Complete 
|  51|0x0000000083300000, 0x0000000083400000, 0x0000000083400000|100%|HC|  |TAMS 0x0000000083300000| PB 0x0000000083300000| Complete 
|  52|0x0000000083400000, 0x0000000083500000, 0x0000000083500000|100%|HC|  |TAMS 0x0000000083400000| PB 0x0000000083400000| Complete 
|  53|0x0000000083500000, 0x0000000083600000, 0x0000000083600000|100%|HC|  |TAMS 0x0000000083500000| PB 0x0000000083500000| Complete 
|  54|0x0000000083600000, 0x0000000083700000, 0x0000000083700000|100%|HS|  |TAMS 0x0000000083600000| PB 0x0000000083600000| Complete 
|  55|0x0000000083700000, 0x0000000083800000, 0x0000000083800000|100%|HS|  |TAMS 0x0000000083700000| PB 0x0000000083700000| Complete 
|  56|0x0000000083800000, 0x0000000083900000, 0x0000000083900000|100%| S|  |TAMS 0x0000000083800000| PB 0x0000000083800000| Complete 
|  57|0x0000000083900000, 0x0000000083a00000, 0x0000000083a00000|100%| S|  |TAMS 0x0000000083900000| PB 0x0000000083900000| Complete 
|  58|0x0000000083a00000, 0x0000000083b00000, 0x0000000083b00000|100%| S|  |TAMS 0x0000000083a00000| PB 0x0000000083a00000| Complete 
|  59|0x0000000083b00000, 0x0000000083c00000, 0x0000000083c00000|100%| E|CS|TAMS 0x0000000083b00000| PB 0x0000000083b00000| Complete 
|  60|0x0000000083c00000, 0x0000000083d00000, 0x0000000083d00000|100%| E|CS|TAMS 0x0000000083c00000| PB 0x0000000083c00000| Complete 
|  61|0x0000000083d00000, 0x0000000083e00000, 0x0000000083e00000|100%| E|CS|TAMS 0x0000000083d00000| PB 0x0000000083d00000| Complete 
|  62|0x0000000083e00000, 0x0000000083f00000, 0x0000000083f00000|100%| E|CS|TAMS 0x0000000083e00000| PB 0x0000000083e00000| Complete 
|  63|0x0000000083f00000, 0x0000000084000000, 0x0000000084000000|100%| E|CS|TAMS 0x0000000083f00000| PB 0x0000000083f00000| Complete 
|  64|0x0000000084000000, 0x0000000084100000, 0x0000000084100000|100%| E|CS|TAMS 0x0000000084000000| PB 0x0000000084000000| Complete 
|  65|0x0000000084100000, 0x0000000084200000, 0x0000000084200000|100%| E|CS|TAMS 0x0000000084100000| PB 0x0000000084100000| Complete 
|  66|0x0000000084200000, 0x0000000084300000, 0x0000000084300000|100%| E|CS|TAMS 0x0000000084200000| PB 0x0000000084200000| Complete 
|  67|0x0000000084300000, 0x0000000084400000, 0x0000000084400000|100%| E|CS|TAMS 0x0000000084300000| PB 0x0000000084300000| Complete 
| 197|0x000000008c500000, 0x000000008c600000, 0x000000008c600000|100%| E|CS|TAMS 0x000000008c500000| PB 0x000000008c500000| Complete 
| 198|0x000000008c600000, 0x000000008c6b64d8, 0x000000008c700000| 71%| E|CS|TAMS 0x000000008c600000| PB 0x000000008c600000| Complete 
| 199|0x000000008c700000, 0x000000008c800000, 0x000000008c800000|100%| E|CS|TAMS 0x000000008c700000| PB 0x000000008c700000| Complete 
| 200|0x000000008c800000, 0x000000008c900000, 0x000000008c900000|100%| E|CS|TAMS 0x000000008c800000| PB 0x000000008c800000| Complete 
| 201|0x000000008c900000, 0x000000008ca00000, 0x000000008ca00000|100%| E|CS|TAMS 0x000000008c900000| PB 0x000000008c900000| Complete 
| 202|0x000000008ca00000, 0x000000008cb00000, 0x000000008cb00000|100%| E|CS|TAMS 0x000000008ca00000| PB 0x000000008ca00000| Complete 
| 203|0x000000008cb00000, 0x000000008cc00000, 0x000000008cc00000|100%| E|CS|TAMS 0x000000008cb00000| PB 0x000000008cb00000| Complete 
| 204|0x000000008cc00000, 0x000000008cd00000, 0x000000008cd00000|100%| E|CS|TAMS 0x000000008cc00000| PB 0x000000008cc00000| Complete 
| 205|0x000000008cd00000, 0x000000008ce00000, 0x000000008ce00000|100%| E|CS|TAMS 0x000000008cd00000| PB 0x000000008cd00000| Complete 
|2045|0x00000000ffd00000, 0x00000000ffe00000, 0x00000000ffe00000|100%| O|  |TAMS 0x00000000ffd00000| PB 0x00000000ffd00000| Untracked 
|2046|0x00000000ffe00000, 0x00000000fff00000, 0x00000000fff00000|100%| O|  |TAMS 0x00000000ffe00000| PB 0x00000000ffe00000| Untracked 
|2047|0x00000000fff00000, 0x0000000100000000, 0x0000000100000000|100%| O|  |TAMS 0x00000000fff00000| PB 0x00000000fff00000| Untracked 

Card table byte_map: [0x000001e872e10000,0x000001e873210000] _byte_map_base: 0x000001e872a10000

Marking Bits: (CMBitMap*) 0x000001e86d5cb390
 Bits: [0x000001e873210000, 0x000001e875210000)

Polling page: 0x000001e871f80000

Metaspace:

Usage:
  Non-class:     51.15 MB used.
      Class:      8.39 MB used.
       Both:     59.53 MB used.

Virtual space:
  Non-class space:       64.00 MB reserved,      51.94 MB ( 81%) committed,  1 nodes.
      Class space:        1.00 GB reserved,       9.12 MB ( <1%) committed,  1 nodes.
             Both:        1.06 GB reserved,      61.06 MB (  6%) committed. 

Chunk freelists:
   Non-Class:  11.97 MB
       Class:  6.78 MB
        Both:  18.75 MB

MaxMetaspaceSize: unlimited
CompressedClassSpaceSize: 1.00 GB
Initial GC threshold: 21.00 MB
Current GC threshold: 100.44 MB
CDS: off
 - commit_granule_bytes: 65536.
 - commit_granule_words: 8192.
 - virtual_space_node_default_size: 8388608.
 - enlarge_chunks_in_place: 1.
 - use_allocation_guard: 0.


Internal statistics:

num_allocs_failed_limit: 6.
num_arena_births: 2850.
num_arena_deaths: 0.
num_vsnodes_births: 2.
num_vsnodes_deaths: 0.
num_space_committed: 977.
num_space_uncommitted: 0.
num_chunks_returned_to_freelist: 6.
num_chunks_taken_from_freelist: 5208.
num_chunk_merges: 6.
num_chunk_splits: 3416.
num_chunks_enlarged: 2152.
num_inconsistent_stats: 0.

CodeHeap 'non-profiled nmethods': size=120000Kb used=3221Kb max_used=3771Kb free=116778Kb
 bounds [0x000001e807ad0000, 0x000001e807e80000, 0x000001e80f000000]
CodeHeap 'profiled nmethods': size=120000Kb used=11308Kb max_used=12128Kb free=108691Kb
 bounds [0x000001e800000000, 0x000001e800be0000, 0x000001e807530000]
CodeHeap 'non-nmethods': size=5760Kb used=1944Kb max_used=2002Kb free=3815Kb
 bounds [0x000001e807530000, 0x000001e8077a0000, 0x000001e807ad0000]
CodeCache: size=245760Kb, used=16473Kb, max_used=17901Kb, free=229284Kb
 total_blobs=7024, nmethods=6298, adapters=629, full_count=0
Compilation: enabled, stopped_count=0, restarted_count=0

Compilation events (20 events):
Event: 106.649 Thread 0x000001e877f4d310 7213       3       com.google.common.collect.MapMakerInternalMap::get (23 bytes)
Event: 106.650 Thread 0x000001e877f4d310 nmethod 7213 0x000001e8000b6690 code [0x000001e8000b68a0, 0x000001e8000b6d98]
Event: 106.650 Thread 0x000001e877f4d310 7214   !   3       com.google.common.collect.MapMakerInternalMap$Segment::get (58 bytes)
Event: 106.650 Thread 0x000001e877f4d310 nmethod 7214 0x000001e8004ab990 code [0x000001e8004abca0, 0x000001e8004ad128]
Event: 106.650 Thread 0x000001e877f4d310 7215       3       com.google.common.collect.MapMakerInternalMap$Segment::getLiveEntry (7 bytes)
Event: 106.651 Thread 0x000001e877f4d310 nmethod 7215 0x000001e8002bb810 code [0x000001e8002bb9c0, 0x000001e8002bbb78]
Event: 106.743 Thread 0x000001e877f4ae00 7216       4       java.io.File::isInvalid (47 bytes)
Event: 106.747 Thread 0x000001e877f4ae00 nmethod 7216 0x000001e807cfc410 code [0x000001e807cfc5c0, 0x000001e807cfc918]
Event: 106.793 Thread 0x000001e877f4d310 7217       3       jdk.internal.loader.URLClassPath::findResource (38 bytes)
Event: 106.794 Thread 0x000001e877f4d310 nmethod 7217 0x000001e800391f10 code [0x000001e8003920e0, 0x000001e800392420]
Event: 106.883 Thread 0x000001e877f4ae00 7218       4       sun.net.www.ParseUtil::encodePath (41 bytes)
Event: 106.887 Thread 0x000001e877f4ae00 nmethod 7218 0x000001e807bc8f10 code [0x000001e807bc90c0, 0x000001e807bc9358]
Event: 106.914 Thread 0x000001e877f4d310 7219       3       com.google.common.collect.MapMakerInternalMap$StrongKeyWeakValueSegment::maybeDrainReferenceQueues (9 bytes)
Event: 106.914 Thread 0x000001e877f4d310 nmethod 7219 0x000001e8002ca490 code [0x000001e8002ca640, 0x000001e8002ca800]
Event: 106.914 Thread 0x000001e877f4d310 7220       3       com.google.common.collect.MapMakerInternalMap$Segment::drainValueReferenceQueue (42 bytes)
Event: 106.914 Thread 0x000001e877f4d310 nmethod 7220 0x000001e800073c90 code [0x000001e800073e60, 0x000001e800074280]
Event: 106.914 Thread 0x000001e877f4d310 7221       3       com.google.common.collect.MapMakerInternalMap$1::clear (1 bytes)
Event: 106.915 Thread 0x000001e877f4d310 nmethod 7221 0x000001e8000bce10 code [0x000001e8000bcfa0, 0x000001e8000bd0a8]
Event: 106.945 Thread 0x000001e877f4d310 7222   !   3       org.gradle.internal.classloader.FilteringClassLoader::loadClass (62 bytes)
Event: 106.946 Thread 0x000001e877f4d310 nmethod 7222 0x000001e800038b90 code [0x000001e800038e40, 0x000001e8000399b0]

GC Heap History (20 events):
Event: 30.552 GC heap after
{Heap after GC invocations=7 (full 0):
 garbage-first heap   total 68608K, used 24576K [0x0000000080000000, 0x0000000100000000)
  region size 1024K, 4 young (4096K), 4 survivors (4096K)
 Metaspace       used 35071K, committed 35968K, reserved 1114112K
  class space    used 4920K, committed 5376K, reserved 1048576K
}
Event: 47.259 GC heap before
{Heap before GC invocations=8 (full 0):
 garbage-first heap   total 68608K, used 58368K [0x0000000080000000, 0x0000000100000000)
  region size 1024K, 37 young (37888K), 4 survivors (4096K)
 Metaspace       used 41635K, committed 42688K, reserved 1114112K
  class space    used 5759K, committed 6272K, reserved 1048576K
}
Event: 47.266 GC heap after
{Heap after GC invocations=9 (full 0):
 garbage-first heap   total 68608K, used 27374K [0x0000000080000000, 0x0000000100000000)
  region size 1024K, 5 young (5120K), 5 survivors (5120K)
 Metaspace       used 41635K, committed 42688K, reserved 1114112K
  class space    used 5759K, committed 6272K, reserved 1048576K
}
Event: 49.975 GC heap before
{Heap before GC invocations=9 (full 0):
 garbage-first heap   total 68608K, used 57070K [0x0000000080000000, 0x0000000100000000)
  region size 1024K, 35 young (35840K), 5 survivors (5120K)
 Metaspace       used 44515K, committed 45632K, reserved 1114112K
  class space    used 6098K, committed 6592K, reserved 1048576K
}
Event: 49.986 GC heap after
{Heap after GC invocations=10 (full 0):
 garbage-first heap   total 68608K, used 30567K [0x0000000080000000, 0x0000000100000000)
  region size 1024K, 4 young (4096K), 4 survivors (4096K)
 Metaspace       used 44515K, committed 45632K, reserved 1114112K
  class space    used 6098K, committed 6592K, reserved 1048576K
}
Event: 52.211 GC heap before
{Heap before GC invocations=10 (full 0):
 garbage-first heap   total 68608K, used 59239K [0x0000000080000000, 0x0000000100000000)
  region size 1024K, 31 young (31744K), 4 survivors (4096K)
 Metaspace       used 47336K, committed 48512K, reserved 1114112K
  class space    used 6479K, committed 7040K, reserved 1048576K
}
Event: 52.215 GC heap after
{Heap after GC invocations=11 (full 0):
 garbage-first heap   total 68608K, used 31562K [0x0000000080000000, 0x0000000100000000)
  region size 1024K, 2 young (2048K), 2 survivors (2048K)
 Metaspace       used 47336K, committed 48512K, reserved 1114112K
  class space    used 6479K, committed 7040K, reserved 1048576K
}
Event: 53.534 GC heap before
{Heap before GC invocations=11 (full 0):
 garbage-first heap   total 68608K, used 59210K [0x0000000080000000, 0x0000000100000000)
  region size 1024K, 29 young (29696K), 2 survivors (2048K)
 Metaspace       used 50767K, committed 52160K, reserved 1114112K
  class space    used 7065K, committed 7744K, reserved 1048576K
}
Event: 53.537 GC heap after
{Heap after GC invocations=12 (full 0):
 garbage-first heap   total 68608K, used 33228K [0x0000000080000000, 0x0000000100000000)
  region size 1024K, 4 young (4096K), 4 survivors (4096K)
 Metaspace       used 50767K, committed 52160K, reserved 1114112K
  class space    used 7065K, committed 7744K, reserved 1048576K
}
Event: 57.599 GC heap before
{Heap before GC invocations=12 (full 0):
 garbage-first heap   total 68608K, used 57804K [0x0000000080000000, 0x0000000100000000)
  region size 1024K, 29 young (29696K), 4 survivors (4096K)
 Metaspace       used 54268K, committed 55616K, reserved 1114112K
  class space    used 7593K, committed 8256K, reserved 1048576K
}
Event: 57.603 GC heap after
{Heap after GC invocations=13 (full 0):
 garbage-first heap   total 68608K, used 35184K [0x0000000080000000, 0x0000000100000000)
  region size 1024K, 4 young (4096K), 4 survivors (4096K)
 Metaspace       used 54268K, committed 55616K, reserved 1114112K
  class space    used 7593K, committed 8256K, reserved 1048576K
}
Event: 60.150 GC heap before
{Heap before GC invocations=13 (full 0):
 garbage-first heap   total 68608K, used 59760K [0x0000000080000000, 0x0000000100000000)
  region size 1024K, 28 young (28672K), 4 survivors (4096K)
 Metaspace       used 57188K, committed 58688K, reserved 1114112K
  class space    used 8104K, committed 8832K, reserved 1048576K
}
Event: 60.168 GC heap after
{Heap after GC invocations=14 (full 0):
 garbage-first heap   total 68608K, used 36918K [0x0000000080000000, 0x0000000100000000)
  region size 1024K, 4 young (4096K), 4 survivors (4096K)
 Metaspace       used 57188K, committed 58688K, reserved 1114112K
  class space    used 8104K, committed 8832K, reserved 1048576K
}
Event: 81.357 GC heap before
{Heap before GC invocations=15 (full 0):
 garbage-first heap   total 68608K, used 59446K [0x0000000080000000, 0x0000000100000000)
  region size 1024K, 26 young (26624K), 4 survivors (4096K)
 Metaspace       used 59521K, committed 61056K, reserved 1114112K
  class space    used 8435K, committed 9152K, reserved 1048576K
}
Event: 81.377 GC heap after
{Heap after GC invocations=16 (full 0):
 garbage-first heap   total 68608K, used 39264K [0x0000000080000000, 0x0000000100000000)
  region size 1024K, 4 young (4096K), 4 survivors (4096K)
 Metaspace       used 59521K, committed 61056K, reserved 1114112K
  class space    used 8435K, committed 9152K, reserved 1048576K
}
Event: 104.647 GC heap before
{Heap before GC invocations=16 (full 0):
 garbage-first heap   total 68608K, used 58720K [0x0000000080000000, 0x0000000100000000)
  region size 1024K, 24 young (24576K), 4 survivors (4096K)
 Metaspace       used 60028K, committed 61568K, reserved 1114112K
  class space    used 8466K, committed 9216K, reserved 1048576K
}
Event: 104.653 GC heap after
{Heap after GC invocations=17 (full 0):
 garbage-first heap   total 68608K, used 42864K [0x0000000080000000, 0x0000000100000000)
  region size 1024K, 3 young (3072K), 3 survivors (3072K)
 Metaspace       used 60028K, committed 61568K, reserved 1114112K
  class space    used 8466K, committed 9216K, reserved 1048576K
}
Event: 104.857 GC heap before
{Heap before GC invocations=17 (full 0):
 garbage-first heap   total 68608K, used 47984K [0x0000000080000000, 0x0000000100000000)
  region size 1024K, 10 young (10240K), 3 survivors (3072K)
 Metaspace       used 60212K, committed 61696K, reserved 1114112K
  class space    used 8484K, committed 9216K, reserved 1048576K
}
Event: 104.860 GC heap after
{Heap after GC invocations=18 (full 0):
 garbage-first heap   total 68608K, used 43957K [0x0000000080000000, 0x0000000100000000)
  region size 1024K, 1 young (1024K), 1 survivors (1024K)
 Metaspace       used 60212K, committed 61696K, reserved 1114112K
  class space    used 8484K, committed 9216K, reserved 1048576K
}
Event: 106.989 GC heap before
{Heap before GC invocations=19 (full 0):
 garbage-first heap   total 78848K, used 73653K [0x0000000080000000, 0x0000000100000000)
  region size 1024K, 18 young (18432K), 1 survivors (1024K)
 Metaspace       used 60961K, committed 62528K, reserved 1114112K
  class space    used 8588K, committed 9344K, reserved 1048576K
}

Dll operation events (3 events):
Event: 0.056 Loaded shared library C:\Program Files\Android\Android Studio\jbr\bin\java.dll
Event: 0.091 Loaded shared library C:\Program Files\Android\Android Studio\jbr\bin\zip.dll
Event: 2.135 Loaded shared library C:\Program Files\Android\Android Studio\jbr\bin\verify.dll

Deoptimization events (20 events):
Event: 106.013 Thread 0x000001e87e2225f0 Uncommon trap: trap_request=0xffffffc6 fr.pc=0x000001e807e21be0 relative=0x0000000000000080
Event: 106.013 Thread 0x000001e87e2225f0 Uncommon trap: reason=bimorphic_or_optimized_type_check action=maybe_recompile pc=0x000001e807e21be0 method=com.google.common.collect.ImmutableList.copyOf(Ljava/util/Collection;)Lcom/google/common/collect/ImmutableList; @ 16 c2
Event: 106.013 Thread 0x000001e87e2225f0 DEOPT PACKING pc=0x000001e807e21be0 sp=0x00000094911f8750
Event: 106.013 Thread 0x000001e87e2225f0 DEOPT UNPACKING pc=0x000001e8075846a2 sp=0x00000094911f86f8 mode 2
Event: 106.410 Thread 0x000001e87e2225f0 Uncommon trap: trap_request=0xffffffc6 fr.pc=0x000001e807cc9790 relative=0x0000000000000950
Event: 106.410 Thread 0x000001e87e2225f0 Uncommon trap: reason=bimorphic_or_optimized_type_check action=maybe_recompile pc=0x000001e807cc9790 method=java.util.regex.Pattern$Start.match(Ljava/util/regex/Matcher;ILjava/lang/CharSequence;)Z @ 44 c2
Event: 106.410 Thread 0x000001e87e2225f0 DEOPT PACKING pc=0x000001e807cc9790 sp=0x00000094911f7e40
Event: 106.410 Thread 0x000001e87e2225f0 DEOPT UNPACKING pc=0x000001e8075846a2 sp=0x00000094911f7d80 mode 2
Event: 106.412 Thread 0x000001e87e2225f0 Uncommon trap: trap_request=0xfffffff4 fr.pc=0x000001e807c1aec4 relative=0x0000000000000384
Event: 106.412 Thread 0x000001e87e2225f0 Uncommon trap: reason=null_check action=make_not_entrant pc=0x000001e807c1aec4 method=sun.invoke.util.VerifyType.isNullConversion(Ljava/lang/Class;Ljava/lang/Class;Z)Z @ 67 c2
Event: 106.412 Thread 0x000001e87e2225f0 DEOPT PACKING pc=0x000001e807c1aec4 sp=0x00000094911f8190
Event: 106.412 Thread 0x000001e87e2225f0 DEOPT UNPACKING pc=0x000001e8075846a2 sp=0x00000094911f8110 mode 2
Event: 106.414 Thread 0x000001e87e2225f0 Uncommon trap: trap_request=0xffffff45 fr.pc=0x000001e807c86800 relative=0x00000000000005c0
Event: 106.414 Thread 0x000001e87e2225f0 Uncommon trap: reason=unstable_if action=reinterpret pc=0x000001e807c86800 method=java.lang.invoke.InvokerBytecodeGenerator.storeInsnOpcode(Ljava/lang/invoke/LambdaForm$BasicType;)I @ 8 c2
Event: 106.414 Thread 0x000001e87e2225f0 DEOPT PACKING pc=0x000001e807c86800 sp=0x00000094911f7910
Event: 106.414 Thread 0x000001e87e2225f0 DEOPT UNPACKING pc=0x000001e8075846a2 sp=0x00000094911f7858 mode 2
Event: 106.473 Thread 0x000001e87e2225f0 Uncommon trap: trap_request=0xffffffde fr.pc=0x000001e807de4594 relative=0x0000000000008634
Event: 106.473 Thread 0x000001e87e2225f0 Uncommon trap: reason=class_check action=maybe_recompile pc=0x000001e807de4594 method=java.util.jar.JarFile.getManifestFromReference()Ljava/util/jar/Manifest; @ 152 c2
Event: 106.473 Thread 0x000001e87e2225f0 DEOPT PACKING pc=0x000001e807de4594 sp=0x00000094911f6850
Event: 106.473 Thread 0x000001e87e2225f0 DEOPT UNPACKING pc=0x000001e8075846a2 sp=0x00000094911f6510 mode 2

Classes loaded (20 events):
Event: 62.003 Loading class java/io/ObjectInputStream$FieldValues
Event: 62.003 Loading class java/io/ObjectInputStream$GetField
Event: 62.003 Loading class java/io/ObjectInputStream$GetField done
Event: 62.003 Loading class java/io/ObjectInputStream$FieldValues done
Event: 62.011 Loading class sun/reflect/ReflectionFactory
Event: 62.074 Loading class sun/reflect/ReflectionFactory done
Event: 62.074 Loading class sun/reflect/ReflectionFactory$1
Event: 62.074 Loading class sun/reflect/ReflectionFactory$1 done
Event: 62.991 Loading class java/util/LinkedList$LLSpliterator
Event: 62.991 Loading class java/util/LinkedList$LLSpliterator done
Event: 63.007 Loading class java/util/Collections$2
Event: 63.008 Loading class java/util/Collections$2 done
Event: 106.405 Loading class java/lang/ThreadDeath
Event: 106.405 Loading class java/lang/ThreadDeath done
Event: 106.408 Loading class sun/misc/SharedSecrets
Event: 106.408 Loading class sun/misc/SharedSecrets done
Event: 106.412 Loading class sun/invoke/util/ValueConversions$1
Event: 106.412 Loading class sun/invoke/util/ValueConversions$1 done
Event: 106.413 Loading class java/lang/invoke/BoundMethodHandle$Species_LI
Event: 106.413 Loading class java/lang/invoke/BoundMethodHandle$Species_LI done

Classes unloaded (0 events):
No events

Classes redefined (0 events):
No events

Internal exceptions (20 events):
Event: 61.980 Thread 0x000001e87e2225f0 Exception <a 'java/lang/NoSuchMethodError'{0x000000008c9c2890}: static Lorg/gradle/api/internal/catalog/DependencyModel;.<clinit>()V> (0x000000008c9c2890) 
thrown [s\src\hotspot\share\prims\jni.cpp, line 1144]
Event: 61.980 Thread 0x000001e87e2225f0 Exception <a 'java/lang/NoSuchMethodError'{0x000000008c9c6710}: static Lorg/gradle/api/internal/catalog/AbstractContextAwareModel;.<clinit>()V> (0x000000008c9c6710) 
thrown [s\src\hotspot\share\prims\jni.cpp, line 1144]
Event: 61.983 Thread 0x000001e87e2225f0 Exception <a 'java/lang/NoSuchMethodError'{0x000000008c9de408}: static Lorg/gradle/api/internal/artifacts/dependencies/AbstractVersionConstraint;.<clinit>()V> (0x000000008c9de408) 
thrown [s\src\hotspot\share\prims\jni.cpp, line 1144]
Event: 61.991 Thread 0x000001e87e2225f0 Exception <a 'java/lang/NoSuchMethodError'{0x000000008c83cf00}: static Lorg/gradle/api/internal/catalog/PluginModel;.<clinit>()V> (0x000000008c83cf00) 
thrown [s\src\hotspot\share\prims\jni.cpp, line 1144]
Event: 61.993 Thread 0x000001e87e2225f0 Exception <a 'java/lang/NoSuchMethodError'{0x000000008c854ed0}: static Lorg/gradle/api/internal/catalog/VersionModel;.<clinit>()V> (0x000000008c854ed0) 
thrown [s\src\hotspot\share\prims\jni.cpp, line 1144]
Event: 62.217 Thread 0x000001e87e2225f0 Exception <a 'java/lang/NoSuchMethodError'{0x00000000839298e8}: 'int java.lang.invoke.DirectMethodHandle$Holder.invokeSpecialIFC(java.lang.Object, java.lang.Object, java.lang.Object)'> (0x00000000839298e8) 
thrown [s\src\hotspot\share\interpreter\linkResolver.cpp, line 784]
Event: 62.283 Thread 0x000001e87e2225f0 Exception <a 'java/lang/NoSuchMethodError'{0x0000000083688380}: 'java.lang.Object java.lang.invoke.DirectMethodHandle$Holder.newInvokeSpecial(java.lang.Object, java.lang.Object, java.lang.Object, java.lang.Object, java.lang.Object, int)'> (0x0000000083688380) 
thrown [s\src\hotspot\share\interpreter\linkResolver.cpp, line 784]
Event: 62.284 Thread 0x000001e87e2225f0 Exception <a 'java/lang/NoSuchMethodError'{0x000000008368d520}: 'java.lang.Object java.lang.invoke.DirectMethodHandle$Holder.invokeSpecial(java.lang.Object, java.lang.Object, java.lang.Object, java.lang.Object, java.lang.Object, java.lang.Object, int)'> (0x000000008368d520) 
thrown [s\src\hotspot\share\interpreter\linkResolver.cpp, line 784]
Event: 62.288 Thread 0x000001e87e2225f0 Exception <a 'java/lang/NoSuchMethodError'{0x00000000836bd5d8}: 'java.lang.Object java.lang.invoke.DirectMethodHandle$Holder.invokeSpecial(java.lang.Object, java.lang.Object, java.lang.Object, java.lang.Object, java.lang.Object, long)'> (0x00000000836bd5d8) 
thrown [s\src\hotspot\share\interpreter\linkResolver.cpp, line 784]
Event: 62.290 Thread 0x000001e87e2225f0 Exception <a 'java/lang/NoSuchMethodError'{0x00000000836dcba0}: 'void java.lang.invoke.DirectMethodHandle$Holder.invokeStatic(java.lang.Object, java.lang.Object, java.lang.Object, int, java.lang.Object)'> (0x00000000836dcba0) 
thrown [s\src\hotspot\share\interpreter\linkResolver.cpp, line 784]
Event: 104.685 Thread 0x000001e87e2225f0 Exception <a 'java/lang/NoSuchMethodError'{0x000000008cdf2340}: 'void java.lang.invoke.DirectMethodHandle$Holder.invokeInterface(java.lang.Object, java.lang.Object, java.lang.Object, java.lang.Object)'> (0x000000008cdf2340) 
thrown [s\src\hotspot\share\interpreter\linkResolver.cpp, line 784]
Event: 104.817 Thread 0x000001e87e2225f0 Implicit null exception at 0x000001e807e0da60 to 0x000001e807e0dfb8
Event: 104.817 Thread 0x000001e87e2225f0 Implicit null exception at 0x000001e807e0eb60 to 0x000001e807e0f084
Event: 106.021 Thread 0x000001e87e2225f0 Exception <a 'java/lang/NoSuchMethodError'{0x000000008ca82a58}: 'void java.lang.invoke.Invokers$Holder.invoke_MT(java.lang.Object, java.lang.Object, java.lang.Object, java.lang.Object)'> (0x000000008ca82a58) 
thrown [s\src\hotspot\share\interpreter\linkResolver.cpp, line 784]
Event: 106.408 Thread 0x000001e87e2225f0 Exception <a 'java/lang/ClassNotFoundException'{0x000000008411d728}: sun/misc/SharedSecrets> (0x000000008411d728) 
thrown [s\src\hotspot\share\classfile\systemDictionary.cpp, line 312]
Event: 106.409 Thread 0x000001e87e2225f0 Exception <a 'java/lang/ClassNotFoundException'{0x000000008411ed40}: org/gradle/api/internal/plugins/DefaultObjectConfigurationActionBeanInfo> (0x000000008411ed40) 
thrown [s\src\hotspot\share\classfile\systemDictionary.cpp, line 312]
Event: 106.410 Thread 0x000001e87e2225f0 Exception <a 'java/lang/ClassNotFoundException'{0x0000000084132fa8}: org/gradle/api/internal/plugins/DefaultObjectConfigurationActionCustomizer> (0x0000000084132fa8) 
thrown [s\src\hotspot\share\classfile\systemDictionary.cpp, line 312]
Event: 106.412 Thread 0x000001e87e2225f0 Implicit null exception at 0x000001e807c1ac04 to 0x000001e807c1aeb0
Event: 106.413 Thread 0x000001e87e2225f0 Exception <a 'java/lang/NoSuchMethodError'{0x0000000084140578}: 'int java.lang.invoke.DirectMethodHandle$Holder.invokeSpecial(java.lang.Object, java.lang.Object, java.lang.Object, int)'> (0x0000000084140578) 
thrown [s\src\hotspot\share\interpreter\linkResolver.cpp, line 784]
Event: 106.414 Thread 0x000001e87e2225f0 Exception <a 'java/lang/NoSuchMethodError'{0x00000000841514d8}: 'java.lang.Object java.lang.invoke.DirectMethodHandle$Holder.invokeStatic(java.lang.Object, java.lang.Object, java.lang.Object, java.lang.Object, int)'> (0x00000000841514d8) 
thrown [s\src\hotspot\share\interpreter\linkResolver.cpp, line 784]

ZGC Phase Switch (0 events):
No events

VM Operations (20 events):
Event: 104.082 Executing VM operation: HandshakeAllThreads (Deoptimize) done
Event: 104.082 Executing VM operation: Cleanup
Event: 104.082 Executing VM operation: Cleanup done
Event: 104.577 Executing VM operation: ICBufferFull
Event: 104.577 Executing VM operation: ICBufferFull done
Event: 104.577 Executing VM operation: ICBufferFull
Event: 104.578 Executing VM operation: ICBufferFull done
Event: 104.647 Executing VM operation: G1CollectForAllocation (G1 Evacuation Pause)
Event: 104.653 Executing VM operation: G1CollectForAllocation (G1 Evacuation Pause) done
Event: 104.857 Executing VM operation: G1TryInitiateConcMark (G1 Humongous Allocation)
Event: 104.860 Executing VM operation: G1TryInitiateConcMark (G1 Humongous Allocation) done
Event: 104.905 Executing VM operation: G1PauseRemark
Event: 104.910 Executing VM operation: G1PauseRemark done
Event: 104.925 Executing VM operation: G1PauseCleanup
Event: 104.926 Executing VM operation: G1PauseCleanup done
Event: 105.932 Executing VM operation: Cleanup
Event: 105.932 Executing VM operation: Cleanup done
Event: 106.945 Executing VM operation: Cleanup
Event: 106.945 Executing VM operation: Cleanup done
Event: 106.989 Executing VM operation: G1CollectForAllocation (G1 Evacuation Pause)

Memory protections (0 events):
No events

Nmethod flushes (20 events):
Event: 104.909 Thread 0x000001e877ed8fe0 flushing  nmethod 0x000001e800596b90
Event: 104.909 Thread 0x000001e877ed8fe0 flushing  nmethod 0x000001e800597110
Event: 104.909 Thread 0x000001e877ed8fe0 flushing  nmethod 0x000001e800599910
Event: 104.909 Thread 0x000001e877ed8fe0 flushing  nmethod 0x000001e80059c310
Event: 104.909 Thread 0x000001e877ed8fe0 flushing  nmethod 0x000001e80059cc90
Event: 104.909 Thread 0x000001e877ed8fe0 flushing  nmethod 0x000001e80065bc90
Event: 104.909 Thread 0x000001e877ed8fe0 flushing  nmethod 0x000001e80065cb10
Event: 104.909 Thread 0x000001e877ed8fe0 flushing  nmethod 0x000001e80065d190
Event: 104.909 Thread 0x000001e877ed8fe0 flushing  nmethod 0x000001e8006a8e90
Event: 104.909 Thread 0x000001e877ed8fe0 flushing  nmethod 0x000001e8006a9390
Event: 104.909 Thread 0x000001e877ed8fe0 flushing  nmethod 0x000001e8006da990
Event: 104.909 Thread 0x000001e877ed8fe0 flushing  nmethod 0x000001e800702310
Event: 104.909 Thread 0x000001e877ed8fe0 flushing  nmethod 0x000001e8007b6590
Event: 104.909 Thread 0x000001e877ed8fe0 flushing  nmethod 0x000001e80081f090
Event: 104.909 Thread 0x000001e877ed8fe0 flushing  nmethod 0x000001e800866d10
Event: 104.909 Thread 0x000001e877ed8fe0 flushing  nmethod 0x000001e800867c10
Event: 104.909 Thread 0x000001e877ed8fe0 flushing  nmethod 0x000001e800908190
Event: 104.909 Thread 0x000001e877ed8fe0 flushing  nmethod 0x000001e800908590
Event: 104.909 Thread 0x000001e877ed8fe0 flushing  nmethod 0x000001e800908e90
Event: 104.909 Thread 0x000001e877ed8fe0 flushing  nmethod 0x000001e80090a010

Events (20 events):
Event: 57.758 Thread 0x000001e8111ec010 Thread exited: 0x000001e8111ec010
Event: 57.942 Thread 0x000001e877f4d310 Thread added: 0x000001e8111ec010
Event: 59.042 Thread 0x000001e8111ec010 Thread exited: 0x000001e8111ec010
Event: 59.075 Thread 0x000001e87e2225f0 Thread added: 0x000001e80f579080
Event: 61.591 Thread 0x000001e87e2225f0 Thread added: 0x000001e80f57a430
Event: 61.592 Thread 0x000001e87e2225f0 Thread added: 0x000001e80f579710
Event: 61.989 Thread 0x000001e877f4d310 Thread added: 0x000001e87faf6820
Event: 62.110 Thread 0x000001e87faf6820 Thread exited: 0x000001e87faf6820
Event: 79.805 Thread 0x000001e87e221f60 Thread exited: 0x000001e87e221f60
Event: 104.284 Thread 0x000001e87e2225f0 Thread added: 0x000001e87e221f60
Event: 104.284 Thread 0x000001e87e2225f0 Thread added: 0x000001e87e62ac20
Event: 104.284 Thread 0x000001e87e2225f0 Thread added: 0x000001e87e62b2b0
Event: 104.285 Thread 0x000001e87e2225f0 Thread added: 0x000001e87e629f00
Event: 104.286 Thread 0x000001e87e2225f0 Thread added: 0x000001e87e62a590
Event: 104.286 Thread 0x000001e87e2225f0 Thread added: 0x000001e87e627e30
Event: 104.286 Thread 0x000001e87e2225f0 Thread added: 0x000001e87e62b940
Event: 104.558 Thread 0x000001e87e2225f0 Thread added: 0x000001e87e6284c0
Event: 104.561 Thread 0x000001e87e2225f0 Thread added: 0x000001e87e62bfd0
Event: 104.751 Thread 0x000001e877f4ae00 Thread added: 0x000001e87d3c66a0
Event: 105.007 Thread 0x000001e87d3c66a0 Thread exited: 0x000001e87d3c66a0


Dynamic libraries:
0x00007ff7c9f20000 - 0x00007ff7c9f2a000 	C:\Program Files\Android\Android Studio\jbr\bin\java.exe
0x00007ffab69c0000 - 0x00007ffab6c28000 	C:\WINDOWS\SYSTEM32\ntdll.dll
0x00007ffab5250000 - 0x00007ffab5319000 	C:\WINDOWS\System32\KERNEL32.DLL
0x00007ffab37a0000 - 0x00007ffab3b91000 	C:\WINDOWS\System32\KERNELBASE.dll
0x00007ffab3da0000 - 0x00007ffab3eeb000 	C:\WINDOWS\System32\ucrtbase.dll
0x00007ffa9b360000 - 0x00007ffa9b378000 	C:\Program Files\Android\Android Studio\jbr\bin\jli.dll
0x00007ffab4870000 - 0x00007ffab4a36000 	C:\WINDOWS\System32\USER32.dll
0x00007ffa9b340000 - 0x00007ffa9b35b000 	C:\Program Files\Android\Android Studio\jbr\bin\VCRUNTIME140.dll
0x00007ffab3600000 - 0x00007ffab3627000 	C:\WINDOWS\System32\win32u.dll
0x00007ffa97230000 - 0x00007ffa974c3000 	C:\WINDOWS\WinSxS\amd64_microsoft.windows.common-controls_6595b64144ccf1df_6.0.26100.7824_none_3e0870b2e3345462\COMCTL32.dll
0x00007ffab6540000 - 0x00007ffab65e9000 	C:\WINDOWS\System32\msvcrt.dll
0x00007ffab5530000 - 0x00007ffab555b000 	C:\WINDOWS\System32\GDI32.dll
0x00007ffab3350000 - 0x00007ffab347b000 	C:\WINDOWS\System32\gdi32full.dll
0x00007ffab32a0000 - 0x00007ffab3343000 	C:\WINDOWS\System32\msvcp_win.dll
0x00007ffab5070000 - 0x00007ffab50a1000 	C:\WINDOWS\System32\IMM32.DLL
0x00007ffa9bd40000 - 0x00007ffa9bd4c000 	C:\Program Files\Android\Android Studio\jbr\bin\vcruntime140_1.dll
0x00007ffa7d720000 - 0x00007ffa7d7ad000 	C:\Program Files\Android\Android Studio\jbr\bin\msvcp140.dll
0x00007ff993f00000 - 0x00007ff994b96000 	C:\Program Files\Android\Android Studio\jbr\bin\server\jvm.dll
0x00007ffab4760000 - 0x00007ffab4814000 	C:\WINDOWS\System32\ADVAPI32.dll
0x00007ffab5560000 - 0x00007ffab5606000 	C:\WINDOWS\System32\sechost.dll
0x00007ffab5d70000 - 0x00007ffab5e88000 	C:\WINDOWS\System32\RPCRT4.dll
0x00007ffab5390000 - 0x00007ffab5404000 	C:\WINDOWS\System32\WS2_32.dll
0x00007ffab3050000 - 0x00007ffab30ae000 	C:\WINDOWS\SYSTEM32\POWRPROF.dll
0x00007ffa9b9d0000 - 0x00007ffa9ba05000 	C:\WINDOWS\SYSTEM32\WINMM.dll
0x00007ffaa9c60000 - 0x00007ffaa9c6b000 	C:\WINDOWS\SYSTEM32\VERSION.dll
0x00007ffab2f30000 - 0x00007ffab2f44000 	C:\WINDOWS\SYSTEM32\UMPDC.dll
0x00007ffab2040000 - 0x00007ffab205b000 	C:\WINDOWS\SYSTEM32\kernel.appcore.dll
0x00007ffa9bc00000 - 0x00007ffa9bc0a000 	C:\Program Files\Android\Android Studio\jbr\bin\jimage.dll
0x00007ffab10b0000 - 0x00007ffab12f2000 	C:\WINDOWS\SYSTEM32\DBGHELP.DLL
0x00007ffab65f0000 - 0x00007ffab6976000 	C:\WINDOWS\System32\combase.dll
0x00007ffab4ab0000 - 0x00007ffab4b87000 	C:\WINDOWS\System32\OLEAUT32.dll
0x00007ffa8e170000 - 0x00007ffa8e1ab000 	C:\WINDOWS\SYSTEM32\dbgcore.DLL
0x00007ffab3ba0000 - 0x00007ffab3c45000 	C:\WINDOWS\System32\bcryptPrimitives.dll
0x00007ffa8da60000 - 0x00007ffa8da6e000 	C:\Program Files\Android\Android Studio\jbr\bin\instrument.dll
0x00007ffa997a0000 - 0x00007ffa997c0000 	C:\Program Files\Android\Android Studio\jbr\bin\java.dll
0x00007ffa87c80000 - 0x00007ffa87c98000 	C:\Program Files\Android\Android Studio\jbr\bin\zip.dll
0x00007ffab5610000 - 0x00007ffab5d62000 	C:\WINDOWS\System32\SHELL32.dll
0x00007ffab3630000 - 0x00007ffab379a000 	C:\WINDOWS\System32\wintypes.dll
0x00007ffab3ef0000 - 0x00007ffab4753000 	C:\WINDOWS\System32\windows.storage.dll
0x00007ffab5ec0000 - 0x00007ffab5fb6000 	C:\WINDOWS\System32\SHCORE.dll
0x00007ffab5320000 - 0x00007ffab5387000 	C:\WINDOWS\System32\shlwapi.dll
0x00007ffab31c0000 - 0x00007ffab31e9000 	C:\WINDOWS\SYSTEM32\profapi.dll
0x00007ffa9b600000 - 0x00007ffa9b610000 	C:\Program Files\Android\Android Studio\jbr\bin\net.dll
0x00007ffab08e0000 - 0x00007ffab0a07000 	C:\WINDOWS\SYSTEM32\WINHTTP.dll
0x00007ffab25b0000 - 0x00007ffab261b000 	C:\WINDOWS\system32\mswsock.dll
0x00007ffa87c60000 - 0x00007ffa87c76000 	C:\Program Files\Android\Android Studio\jbr\bin\nio.dll
0x00007ffa96a90000 - 0x00007ffa96aa0000 	C:\Program Files\Android\Android Studio\jbr\bin\verify.dll
0x00007ffa7d6f0000 - 0x00007ffa7d717000 	C:\Users\oouch\.gradle\native\c067742578af261105cb4f569cf0c3c89f3d7b1fecec35dd04571415982c5e48\windows-amd64\native-platform.dll
0x00007ffa7d1e0000 - 0x00007ffa7d324000 	C:\Users\oouch\.gradle\native\38dada09dfb8b06ba9b0570ebf7e218e3eb74d4ef43ca46872605cf95ebc2f47\windows-amd64\native-platform-file-events.dll
0x00007ffa93bd0000 - 0x00007ffa93bd9000 	C:\Program Files\Android\Android Studio\jbr\bin\management.dll
0x00007ffa90de0000 - 0x00007ffa90deb000 	C:\Program Files\Android\Android Studio\jbr\bin\management_ext.dll
0x00007ffab4a40000 - 0x00007ffab4a48000 	C:\WINDOWS\System32\PSAPI.DLL
0x00007ffab2880000 - 0x00007ffab289b000 	C:\WINDOWS\SYSTEM32\CRYPTSP.dll
0x00007ffab1fa0000 - 0x00007ffab1fd9000 	C:\WINDOWS\system32\rsaenh.dll
0x00007ffab2660000 - 0x00007ffab268b000 	C:\WINDOWS\SYSTEM32\USERENV.dll
0x00007ffab3190000 - 0x00007ffab31ba000 	C:\WINDOWS\SYSTEM32\bcrypt.dll
0x00007ffab28a0000 - 0x00007ffab28ac000 	C:\WINDOWS\SYSTEM32\CRYPTBASE.dll
0x00007ffab1a60000 - 0x00007ffab1a94000 	C:\WINDOWS\SYSTEM32\IPHLPAPI.DLL
0x00007ffab4e00000 - 0x00007ffab4e0a000 	C:\WINDOWS\System32\NSI.dll
0x00007ffa8f2f0000 - 0x00007ffa8f2f9000 	C:\Program Files\Android\Android Studio\jbr\bin\extnet.dll
0x00007ffa254f0000 - 0x00007ffa254f8000 	C:\WINDOWS\system32\wshunix.dll

JVMTI agents:
C:\Users\oouch\.gradle\wrapper\dists\gradle-8.5-bin\5t9huq95ubn472n8rpzujfbqh\gradle-8.5\lib\agents\gradle-instrumentation-agent-8.5.jar path:C:\Program Files\Android\Android Studio\jbr\bin\instrument.dll, loaded, initialized, instrumentlib options:none

dbghelp: loaded successfully - version: 4.0.5 - missing functions: none
symbol engine: initialized successfully - sym options: 0x614 - pdb path: .;C:\Program Files\Android\Android Studio\jbr\bin;C:\WINDOWS\SYSTEM32;C:\WINDOWS\WinSxS\amd64_microsoft.windows.common-controls_6595b64144ccf1df_6.0.26100.7824_none_3e0870b2e3345462;C:\Program Files\Android\Android Studio\jbr\bin\server;C:\Users\oouch\.gradle\native\c067742578af261105cb4f569cf0c3c89f3d7b1fecec35dd04571415982c5e48\windows-amd64;C:\Users\oouch\.gradle\native\38dada09dfb8b06ba9b0570ebf7e218e3eb74d4ef43ca46872605cf95ebc2f47\windows-amd64

VM Arguments:
jvm_args: --add-opens=java.base/java.util=ALL-UNNAMED --add-opens=java.base/java.lang=ALL-UNNAMED --add-opens=java.base/java.lang.invoke=ALL-UNNAMED --add-opens=java.prefs/java.util.prefs=ALL-UNNAMED --add-opens=java.base/java.nio.charset=ALL-UNNAMED --add-opens=java.base/java.net=ALL-UNNAMED --add-opens=java.base/java.util.concurrent.atomic=ALL-UNNAMED -Xmx2048m -Dfile.encoding=UTF-8 -Duser.country=US -Duser.language=en -Duser.variant -javaagent:C:\Users\oouch\.gradle\wrapper\dists\gradle-8.5-bin\5t9huq95ubn472n8rpzujfbqh\gradle-8.5\lib\agents\gradle-instrumentation-agent-8.5.jar 
java_command: org.gradle.launcher.daemon.bootstrap.GradleDaemon 8.5
java_class_path (initial): C:\Users\oouch\.gradle\wrapper\dists\gradle-8.5-bin\5t9huq95ubn472n8rpzujfbqh\gradle-8.5\lib\gradle-launcher-8.5.jar
Launcher Type: SUN_STANDARD

[Global flags]
     intx CICompilerCount                          = 4                                         {product} {ergonomic}
     uint ConcGCThreads                            = 2                                         {product} {ergonomic}
     uint G1ConcRefinementThreads                  = 8                                         {product} {ergonomic}
   size_t G1HeapRegionSize                         = 1048576                                   {product} {ergonomic}
    uintx GCDrainStackTargetSize                   = 64                                        {product} {ergonomic}
   size_t InitialHeapSize                          = 264241152                                 {product} {ergonomic}
   size_t MarkStackSize                            = 4194304                                   {product} {ergonomic}
   size_t MaxHeapSize                              = 2147483648                                {product} {command line}
   size_t MaxNewSize                               = 1287651328                                {product} {ergonomic}
   size_t MinHeapDeltaBytes                        = 1048576                                   {product} {ergonomic}
   size_t MinHeapSize                              = 8388608                                   {product} {ergonomic}
    uintx NonNMethodCodeHeapSize                   = 5839372                                {pd product} {ergonomic}
    uintx NonProfiledCodeHeapSize                  = 122909434                              {pd product} {ergonomic}
    uintx ProfiledCodeHeapSize                     = 122909434                              {pd product} {ergonomic}
    uintx ReservedCodeCacheSize                    = 251658240                              {pd product} {ergonomic}
     bool SegmentedCodeCache                       = true                                      {product} {ergonomic}
   size_t SoftMaxHeapSize                          = 2147483648                             {manageable} {ergonomic}
     bool UseCompressedOops                        = true                           {product lp64_product} {ergonomic}
     bool UseG1GC                                  = true                                      {product} {ergonomic}
     bool UseLargePagesIndividualAllocation        = false                                  {pd product} {ergonomic}

Logging:
Log output configuration:
 #0: stdout all=warning uptime,level,tags foldmultilines=false
 #1: stderr all=off uptime,level,tags foldmultilines=false

Environment Variables:
JAVA_HOME=C:\Program Files\Android\Android Studio\jbr
PATH=C:\Users\oouch\bin;C:\Program Files\Git\mingw64\bin;C:\Program Files\Git\usr\local\bin;C:\Program Files\Git\usr\bin;C:\Program Files\Git\usr\bin;C:\Program Files\Git\mingw64\bin;C:\Program Files\Git\usr\bin;C:\Users\oouch\bin;C:\Python314\Scripts;C:\Python314;C:\WINDOWS\system32;C:\WINDOWS;C:\WINDOWS\System32\Wbem;C:\WINDOWS\System32\WindowsPowerShell\v1.0;C:\WINDOWS\System32\OpenSSH;C:\Program Files\dotnet;C:\Program Files\NVIDIA Corporation\NVIDIA App\NvDLISR;C:\Program Files (x86)\NVIDIA Corporation\PhysX\Common;C:\Program Files\cursor\resources\app\bin;C:\Program Files\Git\cmd;C:\Program Files\nodejs;C:\ProgramData\chocolatey\bin;C:\Program Files\Docker\Docker\resources\bin;C:\Program Files\GitHub CLI;C:\Python314\Scripts;C:\Python314;C:\WINDOWS\system32;C:\WINDOWS;C:\WINDOWS\System32\Wbem;C:\WINDOWS\System32\WindowsPowerShell\v1.0;C:\WINDOWS\System32\OpenSSH;C:\Program Files\dotnet;C:\Program Files\NVIDIA Corporation\NVIDIA App\NvDLISR;C:\Program Files (x86)\NVIDIA Corporation\PhysX\Common;C:\Program Files\cursor\resources\app\bin;C:\Program Files\Git\cmd;C:\Program Files\nodejs;C:\ProgramData\chocolatey\bin;C:\Users\oouch\AppData\Local\Programs\Python\Launcher;C:\Users\oouch\AppData\Local\Microsoft\WindowsApps;C:\Users\oouch\AppData\Roaming\npm;C:\Users\oouch\.local\bin;C:\Program Files\Git\usr\bin\vendor_perl;C:\Program Files\Git\usr\bin\core_perl
USERNAME=oouch
SHELL=C:\Program Files\Git\usr\bin\bash.exe
DISPLAY=needs-to-be-defined
LANG=en_US.UTF-8
TERM=xterm-256color
TMPDIR=C:\Users\oouch\AppData\Local\Temp
OS=Windows_NT
PROCESSOR_IDENTIFIER=Intel64 Family 6 Model 142 Stepping 12, GenuineIntel
TMP=C:\Users\oouch\AppData\Local\Temp
TEMP=C:\Users\oouch\AppData\Local\Temp




Periodic native trim disabled

JNI global refs:
JNI global refs: 26, weak refs: 0

JNI global refs memory usage: 835, weak refs: 201

Process memory usage:
Resident Set Size: 262296K (1% of 16492004K total physical memory with 334932K free physical memory)

OOME stack traces (most recent first):
Classloader memory used:
Loader org.gradle.internal.classloader.VisitableURLClassLoader                         : 28152K
Loader bootstrap                                                                       : 22746K
Loader org.gradle.initialization.MixInLegacyTypesClassLoader                           : 8407K
Loader org.gradle.internal.classloader.VisitableURLClassLoader$InstrumentingVisitableURLClassLoader: 686K
Loader jdk.internal.loader.ClassLoaders$PlatformClassLoader                            : 503K
Loader jdk.internal.loader.ClassLoaders$AppClassLoader                                 : 228K
Loader org.gradle.internal.classloader.VisitableURLClassLoader                         : 185K
Loader jdk.internal.reflect.DelegatingClassLoader                                      : 51792B

Classes loaded by more than one classloader:
Class Program                                                                         : loaded 4 times (x 74B)
Class [Lcom.google.common.base.AbstractIterator$State;                                : loaded 2 times (x 69B)
Class com.google.common.base.CharMatcher$IsEither                                     : loaded 2 times (x 111B)
Class org.gradle.internal.classloader.ClassLoaderHierarchy                            : loaded 2 times (x 70B)
Class com.google.common.collect.ImmutableList$1                                       : loaded 2 times (x 97B)
Class org.gradle.api.internal.classpath.ManifestUtil                                  : loaded 2 times (x 71B)
Class com.google.common.collect.UnmodifiableListIterator                              : loaded 2 times (x 95B)
Class org.gradle.internal.classloader.DefaultClassLoaderFactory                       : loaded 2 times (x 82B)
Class com.google.common.base.CharMatcher$None                                         : loaded 2 times (x 112B)
Class org.gradle.internal.classloader.ClassLoaderVisitor                              : loaded 2 times (x 76B)
Class org.gradle.api.internal.classpath.EffectiveClassPath                            : loaded 2 times (x 90B)
Class com.google.common.base.Splitter                                                 : loaded 2 times (x 72B)
Class org.gradle.api.internal.DefaultClassPathProvider                                : loaded 2 times (x 76B)
Class [Lorg.gradle.api.internal.ClassPathProvider;                                    : loaded 2 times (x 69B)
Class org.gradle.api.internal.ClassPathProvider                                       : loaded 2 times (x 70B)
Class com.google.common.base.AbstractIterator$State                                   : loaded 2 times (x 79B)
Class org.gradle.internal.service.UnknownServiceException                             : loaded 2 times (x 83B)
Class com.google.common.base.Splitter$1                                               : loaded 2 times (x 77B)
Class org.gradle.internal.classpath.TransformedClassPath                              : loaded 2 times (x 96B)
Class com.google.common.collect.UnmodifiableIterator                                  : loaded 2 times (x 80B)
Class org.gradle.internal.service.ServiceLocator                                      : loaded 2 times (x 70B)
Class com.google.common.collect.RegularImmutableAsList                                : loaded 2 times (x 216B)
Class com.google.common.base.CharMatcher$RangesMatcher                                : loaded 2 times (x 112B)
Class com.google.common.collect.Lists$StringAsImmutableList                           : loaded 2 times (x 207B)
Class org.gradle.kotlin.dsl.VersionCatalogAccessorsKt                                 : loaded 2 times (x 71B)
Class com.google.common.base.CharMatcher$JavaLetterOrDigit                            : loaded 2 times (x 111B)
Class org.gradle.internal.InternalTransformer                                         : loaded 2 times (x 70B)
Class com.google.common.base.CharMatcher$And                                          : loaded 2 times (x 112B)
Class org.gradle.internal.classloader.ClasspathUtil$1                                 : loaded 2 times (x 76B)
Class org.gradle.api.internal.classpath.DefaultModuleRegistry$DefaultModule           : loaded 2 times (x 86B)
Class com.google.common.collect.ObjectArrays                                          : loaded 2 times (x 71B)
Class com.google.common.collect.AbstractIndexedListIterator                           : loaded 2 times (x 96B)
Class org.gradle.api.internal.classpath.Module                                        : loaded 2 times (x 70B)
Class org.gradle.api.internal.classpath.UnknownModuleException                        : loaded 2 times (x 82B)
Class org.gradle.cache.GlobalCache                                                    : loaded 2 times (x 70B)
Class com.google.common.base.NullnessCasts                                            : loaded 2 times (x 71B)
Class org.gradle.api.internal.DefaultClassPathRegistry                                : loaded 2 times (x 76B)
Class org.gradle.api.internal.ClassPathRegistry                                       : loaded 2 times (x 70B)
Class org.gradle.internal.classpath.DefaultClassPath$ImmutableUniqueList              : loaded 2 times (x 199B)
Class com.google.common.collect.SingletonImmutableList                                : loaded 2 times (x 207B)
Class org.gradle.internal.classloader.FilteringClassLoader                            : loaded 2 times (x 105B)
Class Settings_gradle$1                                                               : loaded 2 times (x 74B)
Class org.gradle.internal.classpath.ClassPath                                         : loaded 2 times (x 70B)
Class org.gradle.api.UncheckedIOException                                             : loaded 2 times (x 82B)
Class com.google.common.collect.ImmutableList$ReverseImmutableList                    : loaded 2 times (x 208B)
Class com.google.common.base.JdkPattern                                               : loaded 2 times (x 75B)
Class org.gradle.internal.installation.GradleInstallation$1                           : loaded 2 times (x 75B)
Class org.gradle.api.internal.classpath.ModuleRegistry                                : loaded 2 times (x 70B)
Class com.google.common.base.Splitter$SplittingIterator                               : loaded 2 times (x 84B)
Class com.google.common.base.CharMatcher$ForPredicate                                 : loaded 2 times (x 112B)
Class com.google.common.collect.ImmutableCollection                                   : loaded 2 times (x 125B)
Class com.google.common.base.CharMatcher$AnyOf                                        : loaded 2 times (x 112B)
Class org.gradle.api.internal.classpath.DefaultModuleRegistry                         : loaded 2 times (x 86B)
Class com.google.common.collect.Lists                                                 : loaded 2 times (x 71B)
Class com.google.common.base.CharMatcher$Any                                          : loaded 2 times (x 112B)
Class com.google.common.collect.ImmutableAsList                                       : loaded 2 times (x 209B)
Class org.gradle.internal.service.ServiceLookupException                              : loaded 2 times (x 82B)
Class com.google.common.base.CharMatcher$JavaLetter                                   : loaded 2 times (x 111B)
Class org.gradle.internal.classloader.ClassLoaderFactory                              : loaded 2 times (x 70B)
Class com.google.common.base.CharMatcher$IsNot                                        : loaded 2 times (x 111B)
Class com.google.common.base.CommonPattern                                            : loaded 2 times (x 74B)
Class org.gradle.internal.service.CachingServiceLocator                               : loaded 2 times (x 82B)
Class com.google.common.base.CharMatcher$JavaDigit                                    : loaded 2 times (x 111B)
Class com.google.common.collect.RegularImmutableList                                  : loaded 2 times (x 212B)
Class org.gradle.internal.classloader.ClasspathUtil                                   : loaded 2 times (x 71B)
Class com.google.common.base.CharMatcher$JavaUpperCase                                : loaded 2 times (x 111B)
Class org.gradle.api.specs.Spec                                                       : loaded 2 times (x 70B)
Class Build_gradle$1                                                                  : loaded 2 times (x 78B)
Class com.google.common.base.CharMatcher$Invisible                                    : loaded 2 times (x 112B)
Class org.gradle.internal.classloader.VisitableURLClassLoader$InstrumentingVisitableURLClassLoader: loaded 2 times (x 123B)
Class org.gradle.internal.classloader.VisitableURLClassLoader$Spec                    : loaded 2 times (x 74B)
Class org.gradle.internal.classpath.DefaultClassPath                                  : loaded 2 times (x 90B)
Class com.google.common.base.AbstractIterator                                         : loaded 2 times (x 80B)
Class com.google.common.base.CharMatcher$Ascii                                        : loaded 2 times (x 112B)
Class com.google.common.base.CharMatcher$BitSetMatcher                                : loaded 2 times (x 112B)
Class org.gradle.internal.classloader.ClassLoaderSpec                                 : loaded 2 times (x 71B)
Class com.google.common.base.CharMatcher$Or                                           : loaded 2 times (x 112B)
Class Settings_gradle$1$1                                                             : loaded 2 times (x 74B)
Class org.gradle.internal.classloader.VisitableURLClassLoader                         : loaded 2 times (x 117B)
Class Settings_gradle                                                                 : loaded 2 times (x 128B)
Class org.gradle.internal.Cast                                                        : loaded 2 times (x 71B)
Class org.gradle.api.Action                                                           : loaded 2 times (x 70B)
Class com.google.common.base.CharMatcher$FastMatcher                                  : loaded 2 times (x 111B)
Class org.gradle.internal.agents.InstrumentingClassLoader                             : loaded 2 times (x 70B)
Class com.google.common.base.Predicate                                                : loaded 2 times (x 70B)
Class org.gradle.internal.classpath.DefaultClassPath$ImmutableUniqueList$Builder      : loaded 2 times (x 75B)
Class com.google.common.base.CharMatcher$NegatedFastMatcher                           : loaded 2 times (x 113B)
Class com.google.common.base.AbstractIterator$1                                       : loaded 2 times (x 71B)
Class com.google.common.base.CharMatcher$Digit                                        : loaded 2 times (x 112B)
Class org.gradle.api.GradleException                                                  : loaded 2 times (x 82B)
Class com.google.common.collect.CollectPreconditions                                  : loaded 2 times (x 71B)
Class com.google.common.base.CharMatcher$JavaIsoControl                               : loaded 2 times (x 112B)
Class com.google.common.base.CharMatcher$JavaLowerCase                                : loaded 2 times (x 111B)
Class com.google.common.base.Splitter$1$1                                             : loaded 2 times (x 86B)
Class com.google.common.base.CharMatcher$Whitespace                                   : loaded 2 times (x 112B)
Class org.gradle.internal.IoActions                                                   : loaded 2 times (x 71B)
Class com.google.common.base.CharMatcher$SingleWidth                                  : loaded 2 times (x 112B)
Class org.gradle.internal.classloader.SystemClassLoaderSpec                           : loaded 2 times (x 71B)
Class com.google.common.base.CharMatcher$Is                                           : loaded 2 times (x 111B)
Class com.google.common.base.CharMatcher$Negated                                      : loaded 2 times (x 113B)
Class com.google.common.base.Preconditions                                            : loaded 2 times (x 71B)
Class com.google.common.base.CharMatcher                                              : loaded 2 times (x 111B)
Class com.google.common.base.CharMatcher$1                                            : loaded 2 times (x 113B)
Class com.google.common.base.CharMatcher$NamedFastMatcher                             : loaded 2 times (x 112B)
Class com.google.common.base.CharMatcher$InRange                                      : loaded 2 times (x 111B)
Class Build_gradle                                                                    : loaded 2 times (x 72B)
Class org.gradle.internal.installation.CurrentGradleInstallationLocator               : loaded 2 times (x 71B)
Class com.google.common.collect.ImmutableList                                         : loaded 2 times (x 206B)
Class org.gradle.internal.service.DefaultServiceLocator                               : loaded 2 times (x 83B)
Class org.gradle.internal.installation.CurrentGradleInstallation                      : loaded 2 times (x 73B)
Class com.google.common.collect.ImmutableList$SubList                                 : loaded 2 times (x 208B)
Class org.gradle.util.internal.GUtil                                                  : loaded 2 times (x 71B)
Class org.gradle.internal.installation.GradleInstallation                             : loaded 2 times (x 75B)
Class com.google.common.base.Splitter$Strategy                                        : loaded 2 times (x 70B)

---------------  S Y S T E M  ---------------

OS:
 Windows 11 , 64 bit Build 26100 (10.0.26100.7705)
OS uptime: 1 days 21:48 hours
Hyper-V role detected

CPU: total 8 (initial active 8) (4 cores per cpu, 2 threads per core) family 6 model 142 stepping 12 microcode 0xf0, cx8, cmov, fxsr, ht, mmx, 3dnowpref, sse, sse2, sse3, ssse3, sse4.1, sse4.2, popcnt, lzcnt, tsc, tscinvbit, avx, avx2, aes, erms, clmul, bmi1, bmi2, adx, fma, vzeroupper, clflush, clflushopt, hv, rdtscp, f16c
Processor Information for the first 8 processors :
  Max Mhz: 2304, Current Mhz: 1803, Mhz Limit: 1797

Memory: 4k page, system-wide physical 16105M (320M free)
TotalPageFile size 59429M (AvailPageFile size 10M)
current process WorkingSet (physical memory assigned to process): 256M, peak: 265M
current process commit charge ("private bytes"): 292M, peak: 376M

vm_info: OpenJDK 64-Bit Server VM (21.0.8+-14196175-b1038.72) for windows-amd64 JRE (21.0.8+-14196175-b1038.72), built on 2025-10-01T10:24:33Z by "builder" with MS VC++ 16.10 / 16.11 (VS2019)

END.
